// Jest Snapshot v1, https://goo.gl/fbAQLP

exports[`the panel renders matches the snapshot 1`] = `
<div
  className="makeStyles-root-1"
  data-testid="panel-three"
>
  <div
    className="MuiBox-root MuiBox-root-14 makeStyles-box-2"
  >
    <ul
      className="MuiList-root makeStyles-list-3 MuiList-padding"
    >
      <li
        className="MuiListItem-root makeStyles-listItem-4 MuiListItem-gutters"
        data-testid="item"
        disabled={false}
      >
        <div
          className="makeStyles-iconContainer-6"
        >
          <svg
            aria-hidden={true}
            className="MuiSvgIcon-root makeStyles-icon-7"
            focusable="false"
            viewBox="0 0 24 24"
          >
            <path
              d="M12 22c1.1 0 2-.9 2-2h-4c0 1.1.89 2 2 2zm6-6v-5c0-3.07-1.64-5.64-4.5-6.32V4c0-.83-.67-1.5-1.5-1.5s-1.5.67-1.5 1.5v.68C7.63 5.36 6 7.92 6 11v5l-2 2v1h16v-1l-2-2z"
            />
          </svg>
        </div>
        <div
          className="makeStyles-labelContainer-8"
        >
          <p
            className="MuiTypography-root makeStyles-label-9 MuiTypography-body1"
          >
            Customer Alerts: 
          </p>
        </div>
        <div
          className="makeStyles-labelValueContainer-10"
        >
          <p
            className="MuiTypography-root makeStyles-labelValue-11 MuiTypography-body1"
          >
            aaaa
          </p>
        </div>
      </li>
      <li
        className="MuiListItem-root makeStyles-listItem-4 MuiListItem-gutters"
        data-testid="item"
        disabled={false}
      >
        <div
          className="makeStyles-iconContainer-6"
        >
          <svg
            aria-hidden={true}
            className="MuiSvgIcon-root makeStyles-icon-7"
            focusable="false"
            viewBox="0 0 24 24"
          >
            <path
              d="M20 2H4c-1.1 0-1.99.9-1.99 2L2 22l4-4h14c1.1 0 2-.9 2-2V4c0-1.1-.9-2-2-2zm-7 9h-2V5h2v6zm0 4h-2v-2h2v2z"
            />
          </svg>
        </div>
        <div
          className="makeStyles-labelContainer-8"
        >
          <p
            className="MuiTypography-root makeStyles-label-9 MuiTypography-body1"
          >
            Service Alerts: 
          </p>
        </div>
        <div
          className="makeStyles-labelValueContainer-10"
        >
          <p
            className="MuiTypography-root makeStyles-labelValue-11 MuiTypography-body1"
          >
            bbbb
          </p>
        </div>
      </li>
      <li
        className="MuiListItem-root makeStyles-listItem-4 MuiListItem-gutters"
        data-testid="item"
        disabled={false}
      >
        <div
          className="makeStyles-iconContainer-6"
        >
          <svg
            aria-hidden={true}
            className="MuiSvgIcon-root makeStyles-icon-7"
            focusable="false"
            viewBox="0 0 24 24"
          >
            <path
              d="M3 18h12v-2H3v2zM3 6v2h18V6H3zm0 7h18v-2H3v2z"
            />
          </svg>
        </div>
        <div
          className="makeStyles-labelContainer-8"
        >
          <p
            className="MuiTypography-root makeStyles-label-9 MuiTypography-body1"
          >
            Key Info: 
          </p>
        </div>
        <div
          className="makeStyles-labelValueContainer-10"
        >
          <p
            className="MuiTypography-root makeStyles-labelValue-11 MuiTypography-body1"
          >
            cccc
          </p>
        </div>
      </li>
      <li
        className="MuiListItem-root makeStyles-listItem-4 MuiListItem-gutters"
        data-testid="item"
        disabled={false}
      >
        <div
          className="makeStyles-iconContainer-6"
        >
          <svg
            aria-hidden={true}
            className="MuiSvgIcon-root makeStyles-icon-7"
            focusable="false"
            viewBox="0 0 24 24"
          >
            <path
              d="M19 3H5c-1.11 0-2 .9-2 2v14c0 1.1.89 2 2 2h14c1.11 0 2-.9 2-2V5c0-1.1-.89-2-2-2zm-9 14l-5-5 1.41-1.41L10 14.17l7.59-7.59L19 8l-9 9z"
            />
          </svg>
        </div>
        <div
          className="makeStyles-labelContainer-8"
        >
          <p
            className="MuiTypography-root makeStyles-label-9 MuiTypography-body1"
          >
            Authorisation
          </p>
        </div>
        <div
          className="makeStyles-labelValueContainer-10"
        >
          <p
            className="MuiTypography-root makeStyles-labelValue-11 MuiTypography-body1"
          >
            dddd
          </p>
        </div>
      </li>
      <li
        className="MuiListItem-root makeStyles-listItemButton-5 MuiListItem-gutters"
        disabled={false}
      >
        <button
          className="MuiButtonBase-root MuiButton-root MuiButton-contained makeStyles-panelButton-13 MuiButton-containedSecondary"
          disabled={false}
          onBlur={[Function]}
          onClick={[Function]}
          onDragLeave={[Function]}
          onFocus={[Function]}
          onKeyDown={[Function]}
          onKeyUp={[Function]}
          onMouseDown={[Function]}
          onMouseLeave={[Function]}
          onMouseUp={[Function]}
          onTouchEnd={[Function]}
          onTouchMove={[Function]}
          onTouchStart={[Function]}
          tabIndex={0}
          type="button"
        >
          <span
            className="MuiButton-label"
          >
            More Alert Details
            <svg
              aria-hidden={true}
              className="MuiSvgIcon-root"
              focusable="false"
              viewBox="0 0 24 24"
            >
              <path
                d="M7 10l5 5 5-5z"
              />
            </svg>
          </span>
        </button>
      </li>
    </ul>
  </div>
</div>
`;
